// Jest Snapshot v1, https://goo.gl/fbAQLP

exports[`renders screen time correctly 1`] = `
<View
  style={
    Object {
      "flex": 1,
      "padding": 20,
    }
  }
>
  <Text>
    Screen Time
  </Text>
</View>
`;
